<!DOCTYPE html>
<html lang="en">
<head>
    <meta charset="UTF-8">
    <meta name="viewport" content="width=device-width, initial-scale=1.0">
    <title>VishwaCTF</title>
    <link rel="stylesheet" href="/stylesheets/homePage.css">
    <script src="https://ajax.googleapis.com/ajax/libs/jquery/3.5.1/jquery.min.js"></script>
</head>
<body>
    <div id="terminal">
        <span class="instant">
          ===================== BOOTING UP =====================
        </span>
        <br/>
        Loading... 
        <br/>
                                  [Ok].
        <br/>
        <span class="clear"></span>
        <br/>
        Howdy!<br/>
          <span class="clear"></span>
        My Name is <span class="highlight">Samarth Ghante</span>.<br/>
          You can reach me out on my [<a href="https://www.linkedin.com/in/samarth-ghante/">LinkedIn</a>].<br/>
          <br/> <!-- Added extra line break here -->
        <span class="instant">
            <span class="clear"></span>
            
            ==================== BOOTUP LOGS ====================<br/>
        </span>
        <br/>
        <pre>
            [0.000000] Initializing cgroup subsys cpuset
            [0.000000] Initializing cgroup subsys cpu
            [0.000000] Initializing cgroup subsys cpuacct
            [0.000000] Linux version 4.15.0-29-generic (buildd@lgw01-amd64-039) (gcc version 7.3.0 (Ubuntu 7.3.0-16ubuntu3)) #31-Ubuntu SMP Tue Jul 17 15:39:52 UTC 2018 (Ubuntu 4.15.0-29.31-generic 4.15.18)
            [0.000000] Command line: BOOT_IMAGE=/boot/vmlinuz-4.15.0-29-generic root=UUID=0a3407de-e4c6-48e7-98d6-6158131746d0 ro quiet splash vt.handoff=1
            [0.000000] KERNEL supported cpus:
            [0.000000]   Intel GenuineIntel
            [0.000000]   AMD AuthenticAMD
            [0.000000]   Centaur CentaurHauls
            [0.000000] x86/fpu: Supporting XSAVE feature 0x001: 'x87 floating point registers'
            [0.000000] x86/fpu: Supporting XSAVE feature 0x002: 'SSE registers'
            [0.000000] x86/fpu: Supporting XSAVE feature 0x004: 'AVX registers'
            [0.000000] x86/fpu: xstate_offset[2]:  576, xstate_sizes[2]:  256
            [0.000000] x86/fpu: Enabled xstate features 0x7, context size is 832 bytes, using 'standard' format.
            [0.000000] e820: BIOS-provided physical RAM map:
            [0.000000] BIOS-e820: [mem 0x0000000000000000-0x000000000009fbff] usable
            [0.000000] BIOS-e820: [mem 0x000000000009fc00-0x000000000009ffff] reserved
            [0.000000] BIOS-e820: [mem 0x00000000000f0000-0x00000000000fffff] reserved
            [0.000000] BIOS-e820: [mem 0x0000000000100000-0x000000007bffffff] usable
            [0.000000] BIOS-e820: [mem 0x000000007c000000-0x000000007fffffff] reserved
            [0.000000] <span class="highlight">Notice: System is Running out of RAM. Upgrade your memory to 8GB.</span>
            [0.000000] Memory: 4096MB = 4096MB total
            [0.000000] Memory: 4083964k/4083964k available, 1231556k reserved, 0K highmem
            [0.000000] NX (Execute Disable) protection: active
            [0.000000] Kernel/User page tables isolation: enabled
            [0.000000] ftrace: allocating 34004 entries in 133 pages
            ...
            ...
            ...
        </pre>
        <br/>
        EOF;
      </div> 
<script type="text/javascript" src="/javascripts/homePage.js"></script>
</body>
</html>